
==========
== CUDA ==
==========

CUDA Version 12.6.3

Container image Copyright (c) 2016-2023, NVIDIA CORPORATION & AFFILIATES. All rights reserved.

This container image and its contents are governed by the NVIDIA Deep Learning Container License.
By pulling and using the container, you accept the terms and conditions of this license:
https://developer.nvidia.com/ngc/nvidia-deep-learning-container-license

A copy of this license is made available in this container at /NGC-DL-CONTAINER-LICENSE for your convenience.

device = Tesla V100-SXM2-32GB
shape: E=256 topk=8 K=2048 Nshard=128  Ms=[2]
search space: 288 configs -> 204 smem-feasible (<= 91KB), 84 pruned a-priori (no compile)
INFO 06-13 03:57:54 [fused_moe.py:1060] Using configuration from /tmp/tmp00owjo3k/E=256,N=128,device_name=Tesla_V100-SXM2-32GB.json for MoE layer.
M=2   best   683.5 us  {'BLOCK_SIZE_M': 16, 'BLOCK_SIZE_N': 32, 'BLOCK_SIZE_K': 64, 'GROUP_SIZE_M': 1, 'num_warps': 4, 'num_stages': 2}  (timed 204, skip 0)
     shell early-stop: would halt after radius 2 = 25/204 configs (12%); LOSSLESS

wrote /work/results/moe_volta_fleet_20260613_034003/q35b_M2/E=256,N=128,device_name=Tesla_V100-SXM2-32GB.json
Traceback (most recent call last):
  File "/work/tools/moe_volta_tune.py", line 205, in <module>
    main()
  File "/work/tools/moe_volta_tune.py", line 200, in main
    f"{best_per_m['1']}")
       ~~~~~~~~~~^^^^^
KeyError: '1'
